TAP version 13
# Subtest: factory defaults and incomplete configuration fail closed without transport calls
ok 1 - factory defaults and incomplete configuration fail closed without transport calls
  ---
  duration_ms: 1.008709
  type: 'test'
  ...
# Subtest: real factory composes saved facts, page binding, transport, hash, CAS and dropped response reconciliation
ok 2 - real factory composes saved facts, page binding, transport, hash, CAS and dropped response reconciliation
  ---
  duration_ms: 79.579041
  type: 'test'
  ...
# Subtest: page drift blocks mutation even with correct own-route image; configuration drift cannot adopt approval
ok 3 - page drift blocks mutation even with correct own-route image; configuration drift cannot adopt approval
  ---
  duration_ms: 41.078875
  type: 'test'
  ...
# Subtest: strict target verification rejects wrong src, duplicate image, base, srcset, redirects, MIME and bytes drift
ok 4 - strict target verification rejects wrong src, duplicate image, base, srcset, redirects, MIME and bytes drift
  ---
  duration_ms: 0.726625
  type: 'test'
  ...
# Subtest: fixed image handler refuses bytes inconsistent with pointer hash
ok 5 - fixed image handler refuses bytes inconsistent with pointer hash
  ---
  duration_ms: 0.339
  type: 'test'
  ...
# Subtest: approval identity uses same last-cookie-wins decoding as authenticated session
ok 6 - approval identity uses same last-cookie-wins decoding as authenticated session
  ---
  duration_ms: 0.218417
  type: 'test'
  ...
# Subtest: bounded upstream reader rejects declared and streamed overflow
ok 7 - bounded upstream reader rejects declared and streamed overflow
  ---
  duration_ms: 0.30175
  type: 'test'
  ...
# Subtest: reconciliation rejects pointer version drift even if approved bytes and identity remain
ok 8 - reconciliation rejects pointer version drift even if approved bytes and identity remain
  ---
  duration_ms: 157.109125
  type: 'test'
  ...
# Subtest: baseline hash and stored target drift cannot move pointer
ok 9 - baseline hash and stored target drift cannot move pointer
  ---
  duration_ms: 158.996791
  type: 'test'
  ...
# Subtest: real image route preserves bytes with invalid/incomplete flow config while flow stays disabled
ok 10 - real image route preserves bytes with invalid/incomplete flow config while flow stays disabled
  ---
  duration_ms: 81.795125
  type: 'test'
  ...
# Subtest: confirm INVALID_PNG is pre-mutation; ambiguous prior intent never returns safe-clear code
ok 11 - confirm INVALID_PNG is pre-mutation; ambiguous prior intent never returns safe-clear code
  ---
  duration_ms: 107.284417
  type: 'test'
  ...
# Subtest: unrelated page edits preserve approval and byte verification
ok 12 - unrelated page edits preserve approval and byte verification
  ---
  duration_ms: 62.786333
  type: 'test'
  ...
# Subtest: public verifier enforces overflow, redirect, no-store, and exact bytes
ok 13 - public verifier enforces overflow, redirect, no-store, and exact bytes
  ---
  duration_ms: 0.664292
  type: 'test'
  ...
# Subtest: frozen local harness legacy pin remains strict and cannot enable production verifier
ok 14 - frozen local harness legacy pin remains strict and cannot enable production verifier
  ---
  duration_ms: 0.355167
  type: 'test'
  ...
# Subtest: anonymous image handler repeated concurrent reads return exact bytes and freshness headers
ok 15 - anonymous image handler repeated concurrent reads return exact bytes and freshness headers
  ---
  duration_ms: 59.721459
  type: 'test'
  ...
# Subtest: image 503 classification: early failures make zero upstream calls; downstream failures are 404
ok 16 - image 503 classification: early failures make zero upstream calls; downstream failures are 404
  ---
  duration_ms: 3.002375
  type: 'test'
  ...
# Subtest: default disabled makes zero calls
ok 17 - default disabled makes zero calls
  ---
  duration_ms: 0.525792
  type: 'test'
  ...
# Subtest: prepare never changes pointer; session/nonce theft, tamper, save equality and size rejected
ok 18 - prepare never changes pointer; session/nonce theft, tamper, save equality and size rejected
  ---
  duration_ms: 47.862625
  type: 'test'
  ...
# Subtest: independent instances concurrent confirms CAS once, duplicates reconcile
ok 19 - independent instances concurrent confirms CAS once, duplicates reconcile
  ---
  duration_ms: 99.340833
  type: 'test'
  ...
# Subtest: restart reconciliation: dropResponse
ok 20 - restart reconciliation: dropResponse
  ---
  duration_ms: 75.635334
  type: 'test'
  ...
# Subtest: restart reconciliation: afterPointer
ok 21 - restart reconciliation: afterPointer
  ---
  duration_ms: 37.136958
  type: 'test'
  ...
# Subtest: restart reconciliation: beforePointer
ok 22 - restart reconciliation: beforePointer
  ---
  duration_ms: 159.395875
  type: 'test'
  ...
# Subtest: restart reconciliation: cache
ok 23 - restart reconciliation: cache
  ---
  duration_ms: 124.508
  type: 'test'
  ...
# Subtest: localhost HTTP auth, save, prepare, confirm, public image, limits
ok 24 - localhost HTTP auth, save, prepare, confirm, public image, limits # SKIP Sandbox prohibits localhost listener (EPERM); HTTP acceptance remains unverified
  ---
  duration_ms: 12.019958
  type: 'test'
  ...
# Subtest: Apps Script VM transport actually persists Drive blob / journal / pointer under lock
ok 25 - Apps Script VM transport actually persists Drive blob / journal / pointer under lock
  ---
  duration_ms: 37.888833
  type: 'test'
  ...
# Subtest: in-process publish API uses same contract and redacts journal/provider fields
ok 26 - in-process publish API uses same contract and redacts journal/provider fields
  ---
  duration_ms: 48.066542
  type: 'test'
  ...
# Subtest: Apps Script transaction engine stays byte identical to tested Node engine
ok 27 - Apps Script transaction engine stays byte identical to tested Node engine
  ---
  duration_ms: 0.202375
  type: 'test'
  ...
# Subtest: actual process death after pointer persistence: restart reads journal without reacquiring abandoned write lock
ok 28 - actual process death after pointer persistence: restart reads journal without reacquiring abandoned write lock
  ---
  duration_ms: 95.049958
  type: 'test'
  ...
# Subtest: local latency and repeated confirms preserve exact bytes and one blob/version
ok 29 - local latency and repeated confirms preserve exact bytes and one blob/version
  ---
  duration_ms: 87.050084
  type: 'test'
  ...
# Subtest: transient first engine write has no effects; confirm fault reconciles without retry
ok 30 - transient first engine write has no effects; confirm fault reconciles without retry
  ---
  duration_ms: 181.811916
  type: 'test'
  ...
# Subtest: AbortError confirm remains ambiguous and reconciliation does not mutate
ok 31 - AbortError confirm remains ambiguous and reconciliation does not mutate
  ---
  duration_ms: 163.321375
  type: 'test'
  ...
# Subtest: HTTP harness never supplies simulation faults
ok 32 - HTTP harness never supplies simulation faults
  ---
  duration_ms: 1.55475
  type: 'test'
  ...
# Subtest: production transport deadline actually aborts delayed fetch using VM-only short clock
ok 33 - production transport deadline actually aborts delayed fetch using VM-only short clock
  ---
  duration_ms: 8.708042
  type: 'test'
  ...
# Subtest: Apps Script independent ledger fails closed: unset
ok 34 - Apps Script independent ledger fails closed: unset
  ---
  duration_ms: 5.880125
  type: 'test'
  ...
# Subtest: Apps Script independent ledger fails closed: null property
ok 35 - Apps Script independent ledger fails closed: null property
  ---
  duration_ms: 3.964042
  type: 'test'
  ...
# Subtest: Apps Script independent ledger fails closed: empty
ok 36 - Apps Script independent ledger fails closed: empty
  ---
  duration_ms: 3.05625
  type: 'test'
  ...
# Subtest: Apps Script independent ledger fails closed: blank
ok 37 - Apps Script independent ledger fails closed: blank
  ---
  duration_ms: 2.768167
  type: 'test'
  ...
# Subtest: Apps Script independent ledger fails closed: nonstring property
ok 38 - Apps Script independent ledger fails closed: nonstring property
  ---
  duration_ms: 2.588125
  type: 'test'
  ...
# Subtest: Apps Script independent ledger fails closed: same schedule
ok 39 - Apps Script independent ledger fails closed: same schedule
  ---
  duration_ms: 3.50525
  type: 'test'
  ...
# Subtest: Apps Script independent ledger fails closed: null active
ok 40 - Apps Script independent ledger fails closed: null active
  ---
  duration_ms: 2.730291
  type: 'test'
  ...
# Subtest: Apps Script independent ledger fails closed: active throws
ok 41 - Apps Script independent ledger fails closed: active throws
  ---
  duration_ms: 2.383084
  type: 'test'
  ...
# Subtest: Apps Script independent ledger fails closed: active ID throws
ok 42 - Apps Script independent ledger fails closed: active ID throws
  ---
  duration_ms: 2.375334
  type: 'test'
  ...
# Subtest: Apps Script independent ledger fails closed: active missing getId
ok 43 - Apps Script independent ledger fails closed: active missing getId
  ---
  duration_ms: 2.742709
  type: 'test'
  ...
# Subtest: Apps Script independent ledger fails closed: active identity undefined
ok 44 - Apps Script independent ledger fails closed: active identity undefined
  ---
  duration_ms: 2.051042
  type: 'test'
  ...
# Subtest: Apps Script independent ledger fails closed: active identity null
ok 45 - Apps Script independent ledger fails closed: active identity null
  ---
  duration_ms: 2.905542
  type: 'test'
  ...
# Subtest: Apps Script independent ledger fails closed: active identity ""
ok 46 - Apps Script independent ledger fails closed: active identity ""
  ---
  duration_ms: 2.098208
  type: 'test'
  ...
# Subtest: Apps Script independent ledger fails closed: active identity " \\t"
ok 47 - Apps Script independent ledger fails closed: active identity " \\t"
  ---
  duration_ms: 1.758916
  type: 'test'
  ...
# Subtest: Apps Script independent ledger fails closed: active identity 123
ok 48 - Apps Script independent ledger fails closed: active identity 123
  ---
  duration_ms: 1.750583
  type: 'test'
  ...
# Subtest: Apps Script independent ledger fails closed: active identity {}
ok 49 - Apps Script independent ledger fails closed: active identity {}
  ---
  duration_ms: 1.955958
  type: 'test'
  ...
# Subtest: Apps Script independent ledger fails closed: trimmed same active
ok 50 - Apps Script independent ledger fails closed: trimmed same active
  ---
  duration_ms: 2.073583
  type: 'test'
  ...
# Subtest: Apps Script independent ledger fails closed: inaccessible ledger
ok 51 - Apps Script independent ledger fails closed: inaccessible ledger
  ---
  duration_ms: 1.981708
  type: 'test'
  ...
# Subtest: Apps Script independent ledger fails closed: null ledger
ok 52 - Apps Script independent ledger fails closed: null ledger
  ---
  duration_ms: 1.970209
  type: 'test'
  ...
# Subtest: Apps Script independent ledger fails closed: ledger missing getId
ok 53 - Apps Script independent ledger fails closed: ledger missing getId
  ---
  duration_ms: 2.144
  type: 'test'
  ...
# Subtest: Apps Script independent ledger fails closed: ledger ID throws
ok 54 - Apps Script independent ledger fails closed: ledger ID throws
  ---
  duration_ms: 1.789
  type: 'test'
  ...
# Subtest: Apps Script independent ledger fails closed: opened identity undefined
ok 55 - Apps Script independent ledger fails closed: opened identity undefined
  ---
  duration_ms: 1.671791
  type: 'test'
  ...
# Subtest: Apps Script independent ledger fails closed: opened identity null
ok 56 - Apps Script independent ledger fails closed: opened identity null
  ---
  duration_ms: 1.662709
  type: 'test'
  ...
# Subtest: Apps Script independent ledger fails closed: opened identity ""
ok 57 - Apps Script independent ledger fails closed: opened identity ""
  ---
  duration_ms: 2.398542
  type: 'test'
  ...
# Subtest: Apps Script independent ledger fails closed: opened identity " \\t"
ok 58 - Apps Script independent ledger fails closed: opened identity " \\t"
  ---
  duration_ms: 1.655208
  type: 'test'
  ...
# Subtest: Apps Script independent ledger fails closed: opened identity 123
ok 59 - Apps Script independent ledger fails closed: opened identity 123
  ---
  duration_ms: 1.56925
  type: 'test'
  ...
# Subtest: Apps Script independent ledger fails closed: opened identity {}
ok 60 - Apps Script independent ledger fails closed: opened identity {}
  ---
  duration_ms: 1.522
  type: 'test'
  ...
# Subtest: Apps Script independent ledger fails closed: opened identity "other"
ok 61 - Apps Script independent ledger fails closed: opened identity "other"
  ---
  duration_ms: 1.5235
  type: 'test'
  ...
# Subtest: Apps Script independent ledger fails closed: opened identity " ledger "
ok 62 - Apps Script independent ledger fails closed: opened identity " ledger "
  ---
  duration_ms: 1.454125
  type: 'test'
  ...
# Subtest: Apps Script disabled and denied lock perform zero workbook or Drive access
ok 63 - Apps Script disabled and denied lock perform zero workbook or Drive access
  ---
  duration_ms: 0.646375
  type: 'test'
  ...
# Subtest: Apps Script independent ledger CAS, nonce, duplicate, reconcile and journal-only blob reads
ok 64 - Apps Script independent ledger CAS, nonce, duplicate, reconcile and journal-only blob reads
  ---
  duration_ms: 4.872625
  type: 'test'
  ...
# Subtest: Apps Script releases lock after ledger.sheet failure
ok 65 - Apps Script releases lock after ledger.sheet failure
  ---
  duration_ms: 0.501875
  type: 'test'
  ...
# Subtest: Apps Script releases lock after ledger.insert failure
ok 66 - Apps Script releases lock after ledger.insert failure
  ---
  duration_ms: 0.433417
  type: 'test'
  ...
# Subtest: Apps Script releases lock after ledger.range failure
ok 67 - Apps Script releases lock after ledger.range failure
  ---
  duration_ms: 0.449084
  type: 'test'
  ...
# Subtest: Apps Script releases lock after drive.folder failure
ok 68 - Apps Script releases lock after drive.folder failure
  ---
  duration_ms: 2.013583
  type: 'test'
  ...
# Subtest: Apps Script releases lock after drive.create failure
ok 69 - Apps Script releases lock after drive.create failure
  ---
  duration_ms: 1.519583
  type: 'test'
  ...
# Subtest: Apps Script releases lock after drive.read failure
ok 70 - Apps Script releases lock after drive.read failure
  ---
  duration_ms: 1.389166
  type: 'test'
  ...
# Subtest: Apps Script releases lock after ledger.write failure
ok 71 - Apps Script releases lock after ledger.write failure
  ---
  duration_ms: 1.766208
  type: 'test'
  ...
# Subtest: Apps Script releases lock after flush failure
ok 72 - Apps Script releases lock after flush failure
  ---
  duration_ms: 3.317625
  type: 'test'
  ...
# Subtest: deployed Code.gs and PublishStore.gs together Save/Load without ledger property
ok 73 - deployed Code.gs and PublishStore.gs together Save/Load without ledger property
  ---
  duration_ms: 2.82175
  type: 'test'
  ...
# Subtest: Apps Script ledger preserves MUTATING intent after pointer failure; reconciliation never retries
ok 74 - Apps Script ledger preserves MUTATING intent after pointer failure; reconciliation never retries
  ---
  duration_ms: 1.939083
  type: 'test'
  ...
# Subtest: public reads never initialize sheets: 
ok 75 - public reads never initialize sheets: 
  ---
  duration_ms: 1.584792
  type: 'test'
  ...
# Subtest: public reads never initialize sheets: PublishPointer
ok 76 - public reads never initialize sheets: PublishPointer
  ---
  duration_ms: 1.829625
  type: 'test'
  ...
# Subtest: public reads never initialize sheets: ConsumedNonces
ok 77 - public reads never initialize sheets: ConsumedNonces
  ---
  duration_ms: 1.481917
  type: 'test'
  ...
# Subtest: public reads never initialize sheets: PublishPointer,ConsumedNonces
ok 78 - public reads never initialize sheets: PublishPointer,ConsumedNonces
  ---
  duration_ms: 1.478542
  type: 'test'
  ...
# Subtest: public reads preserve populated pointer and journal and fail closed on read errors
ok 79 - public reads preserve populated pointer and journal and fail closed on read errors
  ---
  duration_ms: 2.318541
  type: 'test'
  ...
# Subtest: anonymous image GET through GAS VM never creates resources on empty or populated ledger
ok 80 - anonymous image GET through GAS VM never creates resources on empty or populated ledger
  ---
  duration_ms: 3.390416
  type: 'test'
  ...
# Subtest: malformed pointer and journal reads fail closed without repair writes
ok 81 - malformed pointer and journal reads fail closed without repair writes
  ---
  duration_ms: 3.753625
  type: 'test'
  ...
# Subtest: publish response redirect 302 shares deadline and strips credentials
ok 82 - publish response redirect 302 shares deadline and strips credentials
  ---
  duration_ms: 10.107916
  type: 'test'
  ...
# Subtest: publish response redirect 303 shares deadline and strips credentials
ok 83 - publish response redirect 303 shares deadline and strips credentials
  ---
  duration_ms: 0.238375
  type: 'test'
  ...
# Subtest: publish refuses unsafe redirect 301 https://script.googleusercontent.com/macros/echo?user_content_key=synthetic
ok 84 - publish refuses unsafe redirect 301 https://script.googleusercontent.com/macros/echo?user_content_key=synthetic
  ---
  duration_ms: 0.2195
  type: 'test'
  ...
# Subtest: publish refuses unsafe redirect 307 https://script.googleusercontent.com/macros/echo?user_content_key=synthetic
ok 85 - publish refuses unsafe redirect 307 https://script.googleusercontent.com/macros/echo?user_content_key=synthetic
  ---
  duration_ms: 0.127834
  type: 'test'
  ...
# Subtest: publish refuses unsafe redirect 308 https://script.googleusercontent.com/macros/echo?user_content_key=synthetic
ok 86 - publish refuses unsafe redirect 308 https://script.googleusercontent.com/macros/echo?user_content_key=synthetic
  ---
  duration_ms: 0.067583
  type: 'test'
  ...
# Subtest: publish refuses unsafe redirect 302 null
ok 87 - publish refuses unsafe redirect 302 null
  ---
  duration_ms: 0.0705
  type: 'test'
  ...
# Subtest: publish refuses unsafe redirect 302 /macros/echo
ok 88 - publish refuses unsafe redirect 302 /macros/echo
  ---
  duration_ms: 0.132666
  type: 'test'
  ...
# Subtest: publish refuses unsafe redirect 302 http://script.googleusercontent.com/macros/echo
ok 89 - publish refuses unsafe redirect 302 http://script.googleusercontent.com/macros/echo
  ---
  duration_ms: 0.097875
  type: 'test'
  ...
# Subtest: publish refuses unsafe redirect 302 https://script.googleusercontent.com.evil.invalid/macros/echo
ok 90 - publish refuses unsafe redirect 302 https://script.googleusercontent.com.evil.invalid/macros/echo
  ---
  duration_ms: 0.365834
  type: 'test'
  ...
# Subtest: publish refuses unsafe redirect 302 https://user:pass@script.googleusercontent.com/macros/echo
ok 91 - publish refuses unsafe redirect 302 https://user:pass@script.googleusercontent.com/macros/echo
  ---
  duration_ms: 0.31625
  type: 'test'
  ...
# Subtest: publish refuses unsafe redirect 302 https://script.googleusercontent.com:444/macros/echo
ok 92 - publish refuses unsafe redirect 302 https://script.googleusercontent.com:444/macros/echo
  ---
  duration_ms: 0.151625
  type: 'test'
  ...
# Subtest: publish refuses unsafe redirect 302 https://script.googleusercontent.com/macros/echo?user_content_key=synthetic\#x
ok 93 - publish refuses unsafe redirect 302 https://script.googleusercontent.com/macros/echo?user_content_key=synthetic\#x
  ---
  duration_ms: 0.133792
  type: 'test'
  ...
# Subtest: publish refuses unsafe redirect 302 https://script.googleusercontent.com/other
ok 94 - publish refuses unsafe redirect 302 https://script.googleusercontent.com/other
  ---
  duration_ms: 0.05725
  type: 'test'
  ...
# Subtest: publish refuses unsafe redirect 302 https://script.google.com/macros/s/synthetic/exec
ok 95 - publish refuses unsafe redirect 302 https://script.google.com/macros/s/synthetic/exec
  ---
  duration_ms: 0.062917
  type: 'test'
  ...
# Subtest: publish redirect chain never retries a write
ok 96 - publish redirect chain never retries a write
  ---
  duration_ms: 0.095292
  type: 'test'
  ...
# Subtest: publish redirect lost never retries a write
ok 97 - publish redirect lost never retries a write
  ---
  duration_ms: 0.052291
  type: 'test'
  ...
# Subtest: publish redirect timeout never retries a write
ok 98 - publish redirect timeout never retries a write
  ---
  duration_ms: 0.048166
  type: 'test'
  ...
# Subtest: redirect response fetch consumes the same overall 25s deadline
ok 99 - redirect response fetch consumes the same overall 25s deadline
  ---
  duration_ms: 22.06275
  type: 'test'
  ...
# Subtest: offline exact two-image group becomes one responsive combined poster; surrounding bytes unchanged
ok 100 - offline exact two-image group becomes one responsive combined poster; surrounding bytes unchanged
  ---
  duration_ms: 1.043791
  type: 'test'
  ...
# Subtest: offline fixture rejects drift: month
ok 101 - offline fixture rejects drift: month
  ---
  duration_ms: 0.21475
  type: 'test'
  ...
# Subtest: offline fixture rejects drift: slot
ok 102 - offline fixture rejects drift: slot
  ---
  duration_ms: 0.047
  type: 'test'
  ...
# Subtest: offline fixture rejects drift: order
ok 103 - offline fixture rejects drift: order
  ---
  duration_ms: 0.042708
  type: 'test'
  ...
# Subtest: offline fixture rejects drift: duplicate
ok 104 - offline fixture rejects drift: duplicate
  ---
  duration_ms: 0.0985
  type: 'test'
  ...
# Subtest: offline fixture rejects drift: notice
ok 105 - offline fixture rejects drift: notice
  ---
  duration_ms: 0.038416
  type: 'test'
  ...
# Subtest: offline fixture rejects drift: already transformed
ok 106 - offline fixture rejects drift: already transformed
  ---
  duration_ms: 0.12325
  type: 'test'
  ...
1..106
# tests 106
# suites 0
# pass 105
# fail 0
# cancelled 0
# skipped 1
# todo 0
# duration_ms 1378.8545
