apps-script/PublishStore.gs: OK
docs/timetable-image-delivery-20261003/STATUS.md: OK
docs/timetable-image-delivery-20261003/browser-fixture.cjs: OK
docs/timetable-image-delivery-20261003/browser.log: OK
docs/timetable-image-delivery-20261003/changed-files.txt: OK
docs/timetable-image-delivery-20261003/fixture/before.html: OK
docs/timetable-image-delivery-20261003/fixture/candidate.cjs: OK
docs/timetable-image-delivery-20261003/fixture/candidate.html: OK
docs/timetable-image-delivery-20261003/fixture/neutral-text-proposal.html: OK
docs/timetable-image-delivery-20261003/fixture/preview.html: OK
docs/timetable-image-delivery-20261003/fixture/synthetic-poster.png: OK
docs/timetable-image-delivery-20261003/green-targeted.log: OK
docs/timetable-image-delivery-20261003/image-group.diff: OK
docs/timetable-image-delivery-20261003/interim-vm-harness-failure.log: OK
docs/timetable-image-delivery-20261003/local-network-only.cjs: OK
docs/timetable-image-delivery-20261003/neutral-text-proposal.diff: OK
docs/timetable-image-delivery-20261003/node-full.log: OK
docs/timetable-image-delivery-20261003/protected-after.sha256: OK
docs/timetable-image-delivery-20261003/protected-before.sha256: OK
docs/timetable-image-delivery-20261003/python-full.log: OK
docs/timetable-image-delivery-20261003/red-read.log: OK
docs/timetable-image-delivery-20261003/review-checks.log: OK
docs/timetable-image-delivery-20261003/source.patch: OK
lib/publish-store-adapter.js: OK
tests/publish_provider.test.cjs: OK
tests/publish_store_adapter.test.cjs: OK
tests/publish_transport_redirect.test.cjs: OK
tests/timetable_image_fixture.test.cjs: OK
