TAP version 13
# Subtest: public reads never initialize sheets: 
not ok 1 - public reads never initialize sheets: 
  ---
  duration_ms: 3.533041
  type: 'test'
  location: '/Users/iaiangela/Projects/clinic-timetable-image-delivery-20261003/tests/publish_store_adapter.test.cjs:233:101'
  failureType: 'testCodeFailure'
  error: |-
    Expected values to be strictly equal:
    
    false !== true
    
  code: 'ERR_ASSERTION'
  name: 'AssertionError'
  expected: true
  actual: false
  operator: 'strictEqual'
  stack: |-
    TestContext.<anonymous> (/Users/iaiangela/Projects/clinic-timetable-image-delivery-20261003/tests/publish_store_adapter.test.cjs:238:35)
    Test.runInAsyncScope (node:async_hooks:214:14)
    Test.run (node:internal/test_runner/test:1047:25)
    Test.start (node:internal/test_runner/test:944:17)
    startSubtestAfterBootstrap (node:internal/test_runner/harness:296:17)
  ...
# Subtest: public reads never initialize sheets: PublishPointer
not ok 2 - public reads never initialize sheets: PublishPointer
  ---
  duration_ms: 1.897666
  type: 'test'
  location: '/Users/iaiangela/Projects/clinic-timetable-image-delivery-20261003/tests/publish_store_adapter.test.cjs:233:101'
  failureType: 'testCodeFailure'
  error: |-
    Expected values to be strictly equal:
    
    false !== true
    
  code: 'ERR_ASSERTION'
  name: 'AssertionError'
  expected: true
  actual: false
  operator: 'strictEqual'
  stack: |-
    TestContext.<anonymous> (/Users/iaiangela/Projects/clinic-timetable-image-delivery-20261003/tests/publish_store_adapter.test.cjs:238:35)
    Test.runInAsyncScope (node:async_hooks:214:14)
    Test.run (node:internal/test_runner/test:1047:25)
    Test.processPendingSubtests (node:internal/test_runner/test:744:18)
    Test.postRun (node:internal/test_runner/test:1173:19)
    Test.run (node:internal/test_runner/test:1101:12)
    async startSubtestAfterBootstrap (node:internal/test_runner/harness:296:3)
  ...
# Subtest: public reads never initialize sheets: ConsumedNonces
not ok 3 - public reads never initialize sheets: ConsumedNonces
  ---
  duration_ms: 1.79475
  type: 'test'
  location: '/Users/iaiangela/Projects/clinic-timetable-image-delivery-20261003/tests/publish_store_adapter.test.cjs:233:101'
  failureType: 'testCodeFailure'
  error: |-
    Expected values to be strictly equal:
    
    false !== true
    
  code: 'ERR_ASSERTION'
  name: 'AssertionError'
  expected: true
  actual: false
  operator: 'strictEqual'
  stack: |-
    TestContext.<anonymous> (/Users/iaiangela/Projects/clinic-timetable-image-delivery-20261003/tests/publish_store_adapter.test.cjs:238:35)
    Test.runInAsyncScope (node:async_hooks:214:14)
    Test.run (node:internal/test_runner/test:1047:25)
    Test.processPendingSubtests (node:internal/test_runner/test:744:18)
    Test.postRun (node:internal/test_runner/test:1173:19)
    Test.run (node:internal/test_runner/test:1101:12)
    async Test.processPendingSubtests (node:internal/test_runner/test:744:7)
  ...
# Subtest: public reads never initialize sheets: PublishPointer,ConsumedNonces
ok 4 - public reads never initialize sheets: PublishPointer,ConsumedNonces
  ---
  duration_ms: 2.073125
  type: 'test'
  ...
# Subtest: public reads preserve populated pointer and journal and fail closed on read errors
ok 5 - public reads preserve populated pointer and journal and fail closed on read errors
  ---
  duration_ms: 2.864125
  type: 'test'
  ...
1..5
# tests 5
# suites 0
# pass 2
# fail 3
# cancelled 0
# skipped 0
# todo 0
# duration_ms 93.463667
