TAP version 13
# Subtest: normalized numeric loopback arguments reach original connect unchanged
ok 1 - normalized numeric loopback arguments reach original connect unchanged
  ---
  duration_ms: 1.177125
  type: 'test'
  ...
# Subtest: external, missing-host and socket-path inputs remain blocked before transport
ok 2 - external, missing-host and socket-path inputs remain blocked before transport
  ---
  duration_ms: 1.881959
  type: 'test'
  ...
# Subtest: local-only HTTP fetch under the real guard
ok 3 - local-only HTTP fetch under the real guard
  ---
  duration_ms: 16.886125
  type: 'test'
  ...
1..3
# tests 3
# suites 0
# pass 3
# fail 0
# cancelled 0
# skipped 0
# todo 0
# duration_ms 49.202792
