TAP version 13
# Subtest: normalized numeric loopback arguments reach original connect unchanged
ok 1 - normalized numeric loopback arguments reach original connect unchanged
  ---
  duration_ms: 0.868125
  type: 'test'
  ...
# Subtest: external, missing-host and socket-path inputs remain blocked before transport
ok 2 - external, missing-host and socket-path inputs remain blocked before transport
  ---
  duration_ms: 2.231833
  type: 'test'
  ...
# Subtest: local-only HTTP fetch under the real guard
ok 3 - local-only HTTP fetch under the real guard # SKIP Sandbox listener EPERM: actual HTTP acceptance remains unverified
  ---
  duration_ms: 3.42075
  type: 'test'
  ...
1..3
# tests 3
# suites 0
# pass 2
# fail 0
# cancelled 0
# skipped 1
# todo 0
# duration_ms 34.573709
