TAP version 13
# Subtest: normalized numeric loopback arguments reach original connect unchanged
not ok 1 - normalized numeric loopback arguments reach original connect unchanged
  ---
  duration_ms: 0.702666
  type: 'test'
  location: '/Users/iaiangela/Projects/clinic-timetable-parser-fix-20261008/docs/timetable-parser-fix-20261008/offline-guard.test.cjs:24:1'
  failureType: 'testCodeFailure'
  error: 'EVIDENCE_EXTERNAL_NETWORK_FORBIDDEN'
  code: 'ERR_TEST_FAILURE'
  stack: |-
    deny (evalmachine.<anonymous>:7:28)
    net.Socket.connect (evalmachine.<anonymous>:11:47)
    TestContext.<anonymous> (/Users/iaiangela/Projects/clinic-timetable-parser-fix-20261008/docs/timetable-parser-fix-20261008/offline-guard.test.cjs:28:25)
    Test.runInAsyncScope (node:async_hooks:214:14)
    Test.run (node:internal/test_runner/test:1047:25)
    Test.start (node:internal/test_runner/test:944:17)
    startSubtestAfterBootstrap (node:internal/test_runner/harness:296:17)
  ...
# Subtest: external, missing-host and socket-path inputs remain blocked before transport
ok 2 - external, missing-host and socket-path inputs remain blocked before transport
  ---
  duration_ms: 2.195667
  type: 'test'
  ...
# Subtest: local-only HTTP fetch under the real guard
ok 3 - local-only HTTP fetch under the real guard # SKIP Sandbox listener EPERM: actual HTTP acceptance remains unverified
  ---
  duration_ms: 3.468875
  type: 'test'
  ...
1..3
# tests 3
# suites 0
# pass 1
# fail 1
# cancelled 0
# skipped 1
# todo 0
# duration_ms 35.563875
